 WARN  Unsupported engine: wanted: {"node":"20.x"} (current: {"node":"v22.22.0","pnpm":"10.28.0"})

> sinprfes-site-api@1.0.0 start /app
> node server.js

{"level":"WARN","timestamp":"2026-01-30T01:18:11.088Z","env":"dev","message":"InstagramTokenNaoConfigurado"}
[DATABASE] DATABASE_URL ausente
[DATABASE] DATABASE_URL ausente
[BirthdayScheduler] cron scheduled 0 8 * * * America/Sao_Paulo
[BirthdayScheduler] boot trigger scheduled
SINPRF-ES rodando na porta 3000
[BirthdayScheduler] trigger start: boot
🚀 [Job] START: BIRTHDAY_SCAN
[BirthdayScheduler] error in boot: AggregateError [ECONNREFUSED]:
    at /app/node_modules/.pnpm/pg-pool@3.11.0_pg@8.17.2/node_modules/pg-pool/index.js:45:11
    at process.processTicksAndRejections (node:internal/process/task_queues:105:5)
    at async runBirthdayScan (/app/src/jobs/birthdayCron.js:14:18)
    at async executeJob (/app/src/jobs/birthdayScheduler.js:16:5) {
  code: 'ECONNREFUSED',
  [errors]: [
    Error: connect ECONNREFUSED ::1:5432
        at createConnectionError (node:net:1678:14)
        at afterConnectMultiple (node:net:1708:16) {
      errno: -111,
      code: 'ECONNREFUSED',
      syscall: 'connect',
      address: '::1',
      port: 5432
    },
    Error: connect ECONNREFUSED 127.0.0.1:5432
        at createConnectionError (node:net:1678:14)
        at afterConnectMultiple (node:net:1708:16) {
      errno: -111,
      code: 'ECONNREFUSED',
      syscall: 'connect',
      address: '127.0.0.1',
      port: 5432
    }
  ]
}
[BirthdayScheduler] trigger end: boot
Terminated
 ELIFECYCLE  Command failed with exit code 143.
