node:internal/modules/cjs/loader:1386
  throw err;
  ^

Error: Cannot find module '../backend/shared/constants'
Require stack:
- /app/FENAPRF/backend/src/tests/logistica.test.js
    at Function._resolveFilename (node:internal/modules/cjs/loader:1383:15)
    at defaultResolveImpl (node:internal/modules/cjs/loader:1025:19)
    at resolveForCJSWithHooks (node:internal/modules/cjs/loader:1030:22)
    at Function._load (node:internal/modules/cjs/loader:1192:37)
    at TracingChannel.traceSync (node:diagnostics_channel:328:14)
    at wrapModuleLoad (node:internal/modules/cjs/loader:237:24)
    at Module.require (node:internal/modules/cjs/loader:1463:12)
    at require (node:internal/modules/helpers:147:16)
    at Object.<anonymous> (/app/FENAPRF/backend/src/tests/logistica.test.js:1:27)
    at Module._compile (node:internal/modules/cjs/loader:1706:14) {
  code: 'MODULE_NOT_FOUND',
  requireStack: [ '/app/FENAPRF/backend/src/tests/logistica.test.js' ]
}

Node.js v22.22.0
