Starting project at /app/FENAPRF/mobile
Starting Metro Bundler
The following packages should be updated for best compatibility with the installed expo version:
  react@19.2.4 - expected version: 19.1.0
Your project may not work correctly until you install the expected versions of the packages.
Waiting on http://localhost:8081
Logs for your project will appear below.
Web ./index.ts ░░░░░░░░░░░░░░░░  0.0% (0/1)
Web Bundling failed 898ms index.ts (1 module)
 ERROR  Error: [BABEL] /app/FENAPRF/mobile/index.ts: Cannot find module 'react-refresh/babel'
Require stack:
- /app/FENAPRF/mobile/node_modules/babel-preset-expo/build/index.js
- /app/FENAPRF/mobile/node_modules/@babel/core/lib/config/files/module-types.js
- /app/FENAPRF/mobile/node_modules/@babel/core/lib/config/files/configuration.js
- /app/FENAPRF/mobile/node_modules/@babel/core/lib/config/files/index.js
- /app/FENAPRF/mobile/node_modules/@babel/core/lib/index.js
- /app/FENAPRF/mobile/node_modules/expo/node_modules/@expo/metro-config/build/transform-worker/metro-transform-worker.js
- /app/FENAPRF/mobile/node_modules/expo/node_modules/@expo/metro-config/build/transform-worker/transform-worker.js
- /app/FENAPRF/mobile/node_modules/metro/src/DeltaBundler/Worker.flow.js
- /app/FENAPRF/mobile/node_modules/metro/src/DeltaBundler/Worker.js
- /app/FENAPRF/mobile/node_modules/jest-worker/build/workers/processChild.js (While processing: "/app/FENAPRF/mobile/node_modules/babel-preset-expo/build/index.js")
    at Function._resolveFilename (node:internal/modules/cjs/loader:1383:15)
    at defaultResolveImpl (node:internal/modules/cjs/loader:1025:19)
    at resolveForCJSWithHooks (node:internal/modules/cjs/loader:1030:22)
    at Function._load (node:internal/modules/cjs/loader:1192:37)
    at TracingChannel.traceSync (node:diagnostics_channel:328:14)
    at wrapModuleLoad (node:internal/modules/cjs/loader:237:24)
    at Module.require (node:internal/modules/cjs/loader:1463:12)
    at require (node:internal/modules/helpers:147:16)
    at babelPresetExpo (/app/FENAPRF/mobile/node_modules/babel-preset-expo/build/index.js:182:13)
    at sync (/app/FENAPRF/mobile/node_modules/@babel/core/lib/gensync-utils/async.js:30:25)
    at sync (/app/FENAPRF/mobile/node_modules/gensync/index.js:182:19)
    at /app/FENAPRF/mobile/node_modules/gensync/index.js:210:24
    at Generator.next (<anonymous>)
    at /app/FENAPRF/mobile/node_modules/@babel/core/lib/config/full.js:180:21
    at Generator.next (<anonymous>)
    at Function.<anonymous> (/app/FENAPRF/mobile/node_modules/@babel/core/lib/gensync-utils/async.js:21:3)
    at Generator.next (<anonymous>)
    at evaluateSync (/app/FENAPRF/mobile/node_modules/gensync/index.js:251:28)
    at Function.sync (/app/FENAPRF/mobile/node_modules/gensync/index.js:89:14)
    at sync (/app/FENAPRF/mobile/node_modules/@babel/core/lib/gensync-utils/async.js:61:25)
    at sync (/app/FENAPRF/mobile/node_modules/gensync/index.js:182:19)
    at onFirstPause (/app/FENAPRF/mobile/node_modules/gensync/index.js:210:24)
    at Generator.next (<anonymous>)
    at cachedFunction (/app/FENAPRF/mobile/node_modules/@babel/core/lib/config/caching.js:52:46)
    at cachedFunction.next (<anonymous>)
    at loadPresetDescriptor (/app/FENAPRF/mobile/node_modules/@babel/core/lib/config/full.js:292:43)
    at loadPresetDescriptor.next (<anonymous>)
    at recursePresetDescriptors (/app/FENAPRF/mobile/node_modules/@babel/core/lib/config/full.js:77:31)
    at recursePresetDescriptors.next (<anonymous>)
    at /app/FENAPRF/mobile/node_modules/@babel/core/lib/config/full.js:156:21
    at Generator.next (<anonymous>)
    at loadFullConfig (/app/FENAPRF/mobile/node_modules/@babel/core/lib/config/full.js:113:5)
    at loadFullConfig.next (<anonymous>)
    at transform (/app/FENAPRF/mobile/node_modules/@babel/core/lib/transform.js:20:44)
    at transform.next (<anonymous>)
    at evaluateSync (/app/FENAPRF/mobile/node_modules/gensync/index.js:251:28)
    at sync (/app/FENAPRF/mobile/node_modules/gensync/index.js:89:14)
    at stopHiding - secret - don't use this - v1 (/app/FENAPRF/mobile/node_modules/@babel/core/lib/errors/rewrite-stack-trace.js:47:12)
    at Object.transformSync (/app/FENAPRF/mobile/node_modules/@babel/core/lib/transform.js:40:76)
    at parseWithBabel (/app/FENAPRF/mobile/node_modules/expo/node_modules/@expo/metro-config/build/transformSync.js:75:18)
    at transformSync (/app/FENAPRF/mobile/node_modules/expo/node_modules/@expo/metro-config/build/transformSync.js:54:16)
    at Object.transform (/app/FENAPRF/mobile/node_modules/expo/node_modules/@expo/metro-config/build/babel-transformer.js:127:58)
    at transformJSWithBabel (/app/FENAPRF/mobile/node_modules/expo/node_modules/@expo/metro-config/build/transform-worker/metro-transform-worker.js:468:47)
    at Object.transform (/app/FENAPRF/mobile/node_modules/expo/node_modules/@expo/metro-config/build/transform-worker/metro-transform-worker.js:583:12)
    at Object.transform (/app/FENAPRF/mobile/node_modules/expo/node_modules/@expo/metro-config/build/transform-worker/transform-worker.js:178:19)
    at transformFile (/app/FENAPRF/mobile/node_modules/metro/src/DeltaBundler/Worker.flow.js:67:36)
    at Object.transform (/app/FENAPRF/mobile/node_modules/metro/src/DeltaBundler/Worker.flow.js:42:10)
    at execFunction (/app/FENAPRF/mobile/node_modules/jest-worker/build/workers/processChild.js:149:17)
    at execHelper (/app/FENAPRF/mobile/node_modules/jest-worker/build/workers/processChild.js:137:5)
