
> sinprfes-site-api@1.0.0 start
> node server.js

{"level":"WARN","timestamp":"2026-02-16T18:24:20.487Z","env":"dev","message":"InstagramTokenNaoConfigurado"}
[DATABASE] DATABASE_URL ausente
SINPRF-ES rodando na porta 3000
[BOOT] assembleiaSocket inicializado
[BirthdayScheduler] cron scheduled 0 8 * * * America/Sao_Paulo
[BirthdayScheduler] boot trigger scheduled
[BOOT] birthdayScheduler inicializado
{"level":"INFO","timestamp":"2026-02-16T18:24:22.348Z","env":"dev","message":"Job.PushCleanup.SchedulerIniciado"}
[BOOT] pushCleanupScheduler inicializado
{"level":"INFO","timestamp":"2026-02-16T18:24:22.352Z","env":"dev","message":"Job.ReportCleanup.SchedulerIniciado"}
[BOOT] reportCleanupScheduler inicializado
{"level":"INFO","timestamp":"2026-02-16T18:24:32.352Z","env":"dev","message":"Job.PushCleanup.Iniciado"}
/app/node_modules/.pnpm/pg-pool@3.11.0_pg@8.18.0/node_modules/pg-pool/index.js:45
    Error.captureStackTrace(err)
          ^

AggregateError [ECONNREFUSED]:
    at /app/node_modules/.pnpm/pg-pool@3.11.0_pg@8.18.0/node_modules/pg-pool/index.js:45:11
    at process.processTicksAndRejections (node:internal/process/task_queues:105:5)
    at async runPushCleanup (/app/backend/src/jobs/pushCleanupCron.js:13:18) {
  code: 'ECONNREFUSED',
  [errors]: [
    Error: connect ECONNREFUSED ::1:5432
        at createConnectionError (node:net:1678:14)
        at afterConnectMultiple (node:net:1708:16) {
      errno: -111,
      code: 'ECONNREFUSED',
      syscall: 'connect',
      address: '::1',
      port: 5432
    },
    Error: connect ECONNREFUSED 127.0.0.1:5432
        at createConnectionError (node:net:1678:14)
        at afterConnectMultiple (node:net:1708:16) {
      errno: -111,
      code: 'ECONNREFUSED',
      syscall: 'connect',
      address: '127.0.0.1',
      port: 5432
    }
  ]
}

Node.js v22.22.0
