
> fenaprf-backend@1.0.0 start
> node server.js

{"level":"WARN","timestamp":"2026-02-08T12:39:16.543Z","env":"dev","message":"InstagramTokenNaoConfigurado"}
[DATABASE] host=localhost port=? db=dummy sslmode=-
[DATABASE] host=localhost port=? db=dummy sslmode=-
[BirthdayScheduler] cron scheduled 0 8 * * * America/Sao_Paulo
[BirthdayScheduler] boot trigger scheduled
{"level":"INFO","timestamp":"2026-02-08T12:39:17.566Z","env":"dev","message":"Job.PushCleanup.SchedulerIniciado"}
{"level":"INFO","timestamp":"2026-02-08T12:39:17.570Z","env":"dev","message":"Job.ReportCleanup.SchedulerIniciado"}
FENAPRF rodando na porta 3000
{"level":"INFO","timestamp":"2026-02-08T12:39:27.570Z","env":"dev","message":"Job.PushCleanup.Iniciado"}
[UNHANDLED_REJECTION] em: Promise {
  <rejected> AggregateError [ECONNREFUSED]:
      at /app/FENAPRF/backend/node_modules/pg-pool/index.js:45:11
      at process.processTicksAndRejections (node:internal/process/task_queues:105:5)
      at async runPushCleanup (/app/FENAPRF/backend/src/jobs/pushCleanupCron.js:13:18) {
    code: 'ECONNREFUSED',
    [errors]: [ [Error], [Error] ]
  }
} razão: AggregateError [ECONNREFUSED]:
    at /app/FENAPRF/backend/node_modules/pg-pool/index.js:45:11
    at process.processTicksAndRejections (node:internal/process/task_queues:105:5)
    at async runPushCleanup (/app/FENAPRF/backend/src/jobs/pushCleanupCron.js:13:18) {
  code: 'ECONNREFUSED',
  [errors]: [
    Error: connect ECONNREFUSED ::1:5432
        at createConnectionError (node:net:1678:14)
        at afterConnectMultiple (node:net:1708:16) {
      errno: -111,
      code: 'ECONNREFUSED',
      syscall: 'connect',
      address: '::1',
      port: 5432
    },
    Error: connect ECONNREFUSED 127.0.0.1:5432
        at createConnectionError (node:net:1678:14)
        at afterConnectMultiple (node:net:1708:16) {
      errno: -111,
      code: 'ECONNREFUSED',
      syscall: 'connect',
      address: '127.0.0.1',
      port: 5432
    }
  ]
}
[BirthdayScheduler] trigger start: boot
🚀 [Job] START: BIRTHDAY_SCAN
{"level":"INFO","timestamp":"2026-02-08T12:39:32.574Z","env":"dev","message":"Job.ReportCleanup.Iniciado"}
[BirthdayScheduler] error in boot: AggregateError [ECONNREFUSED]:
    at /app/FENAPRF/backend/node_modules/pg-pool/index.js:45:11
    at process.processTicksAndRejections (node:internal/process/task_queues:105:5)
    at async runBirthdayScan (/app/FENAPRF/backend/src/jobs/birthdayCron.js:14:18)
    at async executeJob (/app/FENAPRF/backend/src/jobs/birthdayScheduler.js:16:5) {
  code: 'ECONNREFUSED',
  [errors]: [
    Error: connect ECONNREFUSED ::1:5432
        at createConnectionError (node:net:1678:14)
        at afterConnectMultiple (node:net:1708:16) {
      errno: -111,
      code: 'ECONNREFUSED',
      syscall: 'connect',
      address: '::1',
      port: 5432
    },
    Error: connect ECONNREFUSED 127.0.0.1:5432
        at createConnectionError (node:net:1678:14)
        at afterConnectMultiple (node:net:1708:16) {
      errno: -111,
      code: 'ECONNREFUSED',
      syscall: 'connect',
      address: '127.0.0.1',
      port: 5432
    }
  ]
}
[BirthdayScheduler] trigger end: boot
[UNHANDLED_REJECTION] em: Promise {
  <rejected> AggregateError [ECONNREFUSED]:
      at /app/FENAPRF/backend/node_modules/pg-pool/index.js:45:11
      at process.processTicksAndRejections (node:internal/process/task_queues:105:5)
      at async runReportCleanup (/app/FENAPRF/backend/src/jobs/reportCleanupCron.js:13:18) {
    code: 'ECONNREFUSED',
    [errors]: [ [Error], [Error] ]
  }
} razão: AggregateError [ECONNREFUSED]:
    at /app/FENAPRF/backend/node_modules/pg-pool/index.js:45:11
    at process.processTicksAndRejections (node:internal/process/task_queues:105:5)
    at async runReportCleanup (/app/FENAPRF/backend/src/jobs/reportCleanupCron.js:13:18) {
  code: 'ECONNREFUSED',
  [errors]: [
    Error: connect ECONNREFUSED ::1:5432
        at createConnectionError (node:net:1678:14)
        at afterConnectMultiple (node:net:1708:16) {
      errno: -111,
      code: 'ECONNREFUSED',
      syscall: 'connect',
      address: '::1',
      port: 5432
    },
    Error: connect ECONNREFUSED 127.0.0.1:5432
        at createConnectionError (node:net:1678:14)
        at afterConnectMultiple (node:net:1708:16) {
      errno: -111,
      code: 'ECONNREFUSED',
      syscall: 'connect',
      address: '127.0.0.1',
      port: 5432
    }
  ]
}
[REQ][dd5a2ca5-620f-4dd3-8ddd-96b4c1dd4d17] GET /area-user.html 200 16ms | host: localhost:3000 | origin: - | ua: Mozilla/5.0 (X11; Linux x86_64) AppleWebKit/537.36 (KHTML, like Gecko) HeadlessChrome/143.0.7499.4 Safari/537.36 | x-f-host: - | x-f-proto: -
[REQ][887e04d5-420d-47b2-bec8-687b6c01cada] GET /css/style.css 200 3ms | host: localhost:3000 | origin: http://localhost:3000/area-user.html | ua: Mozilla/5.0 (X11; Linux x86_64) AppleWebKit/537.36 (KHTML, like Gecko) HeadlessChrome/143.0.7499.4 Safari/537.36 | x-f-host: - | x-f-proto: -
[REQ][fcdf3c77-44f4-4935-8f02-056b42d8d9f6] GET /js/main.js 200 3ms | host: localhost:3000 | origin: http://localhost:3000/area-user.html | ua: Mozilla/5.0 (X11; Linux x86_64) AppleWebKit/537.36 (KHTML, like Gecko) HeadlessChrome/143.0.7499.4 Safari/537.36 | x-f-host: - | x-f-proto: -
[REQ][d90cd3e3-1fdf-4bf7-b78a-6e43d6560702] GET /shared/canon.js 200 11ms | host: localhost:3000 | origin: http://localhost:3000/area-user.html | ua: Mozilla/5.0 (X11; Linux x86_64) AppleWebKit/537.36 (KHTML, like Gecko) HeadlessChrome/143.0.7499.4 Safari/537.36 | x-f-host: - | x-f-proto: -
[REQ][140d4437-e610-4e60-945e-edb4500ee63d] GET /js/shared/format/formatters.js 200 11ms | host: localhost:3000 | origin: http://localhost:3000/area-user.html | ua: Mozilla/5.0 (X11; Linux x86_64) AppleWebKit/537.36 (KHTML, like Gecko) HeadlessChrome/143.0.7499.4 Safari/537.36 | x-f-host: - | x-f-proto: -
[REQ][97f47663-de0b-41c9-93c4-9c4298dd8d2a] GET /js/area-user/utils.js 200 11ms | host: localhost:3000 | origin: http://localhost:3000/area-user.html | ua: Mozilla/5.0 (X11; Linux x86_64) AppleWebKit/537.36 (KHTML, like Gecko) HeadlessChrome/143.0.7499.4 Safari/537.36 | x-f-host: - | x-f-proto: -
[REQ][dbd9fefa-3471-46ed-8f79-8a6ee5dd65c6] GET /js/area-user/age-utils.js 200 12ms | host: localhost:3000 | origin: http://localhost:3000/area-user.html | ua: Mozilla/5.0 (X11; Linux x86_64) AppleWebKit/537.36 (KHTML, like Gecko) HeadlessChrome/143.0.7499.4 Safari/537.36 | x-f-host: - | x-f-proto: -
[REQ][9a06fb59-38fe-4674-888b-f799a365f7d1] GET /js/area-user/parentesco-utils.js 200 12ms | host: localhost:3000 | origin: http://localhost:3000/area-user.html | ua: Mozilla/5.0 (X11; Linux x86_64) AppleWebKit/537.36 (KHTML, like Gecko) HeadlessChrome/143.0.7499.4 Safari/537.36 | x-f-host: - | x-f-proto: -
[REQ][3d4fa736-d05f-4b35-8090-4df856918d9b] GET /js/area-user/navegacao.js 200 13ms | host: localhost:3000 | origin: http://localhost:3000/area-user.html | ua: Mozilla/5.0 (X11; Linux x86_64) AppleWebKit/537.36 (KHTML, like Gecko) HeadlessChrome/143.0.7499.4 Safari/537.36 | x-f-host: - | x-f-proto: -
[REQ][eb714a1b-31b1-4790-8396-67b8e292f4da] GET /shared/repasse.constants.js 404 8ms | host: localhost:3000 | origin: http://localhost:3000/area-user.html | ua: Mozilla/5.0 (X11; Linux x86_64) AppleWebKit/537.36 (KHTML, like Gecko) HeadlessChrome/143.0.7499.4 Safari/537.36 | x-f-host: - | x-f-proto: -
[REQ][86170a10-c03e-4a7a-abbf-6968dc82a0b5] GET /js/area-user/seguranca.js 200 10ms | host: localhost:3000 | origin: http://localhost:3000/area-user.html | ua: Mozilla/5.0 (X11; Linux x86_64) AppleWebKit/537.36 (KHTML, like Gecko) HeadlessChrome/143.0.7499.4 Safari/537.36 | x-f-host: - | x-f-proto: -
[REQ][97b7cf9f-1c58-4aae-9370-8d67d1db1ece] GET /js/area-user/meus-dados.js 200 11ms | host: localhost:3000 | origin: http://localhost:3000/area-user.html | ua: Mozilla/5.0 (X11; Linux x86_64) AppleWebKit/537.36 (KHTML, like Gecko) HeadlessChrome/143.0.7499.4 Safari/537.36 | x-f-host: - | x-f-proto: -
[REQ][005cdab5-15b2-4930-bb4e-50724053366c] GET /js/area-user/users-admin.js 200 11ms | host: localhost:3000 | origin: http://localhost:3000/area-user.html | ua: Mozilla/5.0 (X11; Linux x86_64) AppleWebKit/537.36 (KHTML, like Gecko) HeadlessChrome/143.0.7499.4 Safari/537.36 | x-f-host: - | x-f-proto: -
[REQ][58629122-f119-41ca-a484-717be191a931] GET /js/area-user/ressarcimento.js 200 12ms | host: localhost:3000 | origin: http://localhost:3000/area-user.html | ua: Mozilla/5.0 (X11; Linux x86_64) AppleWebKit/537.36 (KHTML, like Gecko) HeadlessChrome/143.0.7499.4 Safari/537.36 | x-f-host: - | x-f-proto: -
[REQ][323d429f-6fee-49e4-b2c8-099a415d7a3e] GET /js/area-user/jogos.js 200 12ms | host: localhost:3000 | origin: http://localhost:3000/area-user.html | ua: Mozilla/5.0 (X11; Linux x86_64) AppleWebKit/537.36 (KHTML, like Gecko) HeadlessChrome/143.0.7499.4 Safari/537.36 | x-f-host: - | x-f-proto: -
[REQ][319f2bad-546c-4c6a-a95d-d6a583ee13bd] GET /js/area-user/publicacoes.js 200 8ms | host: localhost:3000 | origin: http://localhost:3000/area-user.html | ua: Mozilla/5.0 (X11; Linux x86_64) AppleWebKit/537.36 (KHTML, like Gecko) HeadlessChrome/143.0.7499.4 Safari/537.36 | x-f-host: - | x-f-proto: -
[REQ][88aeec47-417a-43b5-b10a-d79037752631] GET /js/area-user/notificacoes.js 200 7ms | host: localhost:3000 | origin: http://localhost:3000/area-user.html | ua: Mozilla/5.0 (X11; Linux x86_64) AppleWebKit/537.36 (KHTML, like Gecko) HeadlessChrome/143.0.7499.4 Safari/537.36 | x-f-host: - | x-f-proto: -
[REQ][9e62e7b7-021e-44aa-88ad-2c227487bed3] GET /js/area-user/assembleia-utils.js 200 7ms | host: localhost:3000 | origin: http://localhost:3000/area-user.html | ua: Mozilla/5.0 (X11; Linux x86_64) AppleWebKit/537.36 (KHTML, like Gecko) HeadlessChrome/143.0.7499.4 Safari/537.36 | x-f-host: - | x-f-proto: -
[REQ][1f1ad57b-fe60-4ce2-bf5f-64f1beb85ef6] GET /js/area-user/noticias-admin.js 200 8ms | host: localhost:3000 | origin: http://localhost:3000/area-user.html | ua: Mozilla/5.0 (X11; Linux x86_64) AppleWebKit/537.36 (KHTML, like Gecko) HeadlessChrome/143.0.7499.4 Safari/537.36 | x-f-host: - | x-f-proto: -
[REQ][0eaa63fa-210c-43a8-8e09-8ea74d15abe3] GET /js/area-user/cms-admin.js 200 7ms | host: localhost:3000 | origin: http://localhost:3000/area-user.html | ua: Mozilla/5.0 (X11; Linux x86_64) AppleWebKit/537.36 (KHTML, like Gecko) HeadlessChrome/143.0.7499.4 Safari/537.36 | x-f-host: - | x-f-proto: -
[REQ][cae58a68-1044-4d6c-ad31-0b1cde18a1a5] GET /js/area-user/assembleias.js 200 10ms | host: localhost:3000 | origin: http://localhost:3000/area-user.html | ua: Mozilla/5.0 (X11; Linux x86_64) AppleWebKit/537.36 (KHTML, like Gecko) HeadlessChrome/143.0.7499.4 Safari/537.36 | x-f-host: - | x-f-proto: -
[REQ][98ebcc3e-0ae9-46b9-bc25-5ed8dcb2391d] GET /js/area-user.js 200 3ms | host: localhost:3000 | origin: http://localhost:3000/area-user.html | ua: Mozilla/5.0 (X11; Linux x86_64) AppleWebKit/537.36 (KHTML, like Gecko) HeadlessChrome/143.0.7499.4 Safari/537.36 | x-f-host: - | x-f-proto: -
[REQ][43119dfa-3e9d-4212-a402-a999f0ba4de2] GET /js/area-user/relatorios.js 200 4ms | host: localhost:3000 | origin: http://localhost:3000/area-user.html | ua: Mozilla/5.0 (X11; Linux x86_64) AppleWebKit/537.36 (KHTML, like Gecko) HeadlessChrome/143.0.7499.4 Safari/537.36 | x-f-host: - | x-f-proto: -
[REQ][37126af9-4d5d-4302-81a0-c82ec2fdb512] GET /img/placeholder-fenaprf.png 200 4ms | host: localhost:3000 | origin: http://localhost:3000/area-user.html | ua: Mozilla/5.0 (X11; Linux x86_64) AppleWebKit/537.36 (KHTML, like Gecko) HeadlessChrome/143.0.7499.4 Safari/537.36 | x-f-host: - | x-f-proto: -
[REQ][8481bca9-9970-4083-81f1-410f7db5caf4] GET /login.html 200 2ms | host: localhost:3000 | origin: http://localhost:3000/area-user.html | ua: Mozilla/5.0 (X11; Linux x86_64) AppleWebKit/537.36 (KHTML, like Gecko) HeadlessChrome/143.0.7499.4 Safari/537.36 | x-f-host: - | x-f-proto: -
[REQ][fcaa9ac3-6a7a-405e-a8c3-ff85c0109f5a] GET /css/style.css 304 2ms | host: localhost:3000 | origin: http://localhost:3000/login.html | ua: Mozilla/5.0 (X11; Linux x86_64) AppleWebKit/537.36 (KHTML, like Gecko) HeadlessChrome/143.0.7499.4 Safari/537.36 | x-f-host: - | x-f-proto: -
[REQ][9d218b33-1a07-496b-8e1e-88136fbfbf41] GET /js/main.js 304 1ms | host: localhost:3000 | origin: http://localhost:3000/login.html | ua: Mozilla/5.0 (X11; Linux x86_64) AppleWebKit/537.36 (KHTML, like Gecko) HeadlessChrome/143.0.7499.4 Safari/537.36 | x-f-host: - | x-f-proto: -
[REQ][56a0e9fe-e174-4f42-816d-07198f7f7e5c] GET /js/login.js 200 2ms | host: localhost:3000 | origin: http://localhost:3000/login.html | ua: Mozilla/5.0 (X11; Linux x86_64) AppleWebKit/537.36 (KHTML, like Gecko) HeadlessChrome/143.0.7499.4 Safari/537.36 | x-f-host: - | x-f-proto: -
[REQ][d3fd813e-5318-453b-8c5d-1038e10c5962] GET /img/placeholder-fenaprf.png 304 2ms | host: localhost:3000 | origin: http://localhost:3000/login.html | ua: Mozilla/5.0 (X11; Linux x86_64) AppleWebKit/537.36 (KHTML, like Gecko) HeadlessChrome/143.0.7499.4 Safari/537.36 | x-f-host: - | x-f-proto: -
[REQ][1caf2108-aca4-4171-a6e9-0ad06c118955] GET /area-user.html 200 2ms | host: localhost:3000 | origin: - | ua: Mozilla/5.0 (X11; Linux x86_64) AppleWebKit/537.36 (KHTML, like Gecko) HeadlessChrome/143.0.7499.4 Safari/537.36 | x-f-host: - | x-f-proto: -
[REQ][ddfd2430-8110-4bec-bf12-c4f888df2b70] GET /css/style.css 200 1ms | host: localhost:3000 | origin: http://localhost:3000/area-user.html | ua: Mozilla/5.0 (X11; Linux x86_64) AppleWebKit/537.36 (KHTML, like Gecko) HeadlessChrome/143.0.7499.4 Safari/537.36 | x-f-host: - | x-f-proto: -
[REQ][6992a98d-8fa6-43e8-9cae-0137bbacd81e] GET /js/shared/format/formatters.js 200 6ms | host: localhost:3000 | origin: http://localhost:3000/area-user.html | ua: Mozilla/5.0 (X11; Linux x86_64) AppleWebKit/537.36 (KHTML, like Gecko) HeadlessChrome/143.0.7499.4 Safari/537.36 | x-f-host: - | x-f-proto: -
[REQ][7d4dde7f-f7b6-4feb-8d7e-ca12ed64b7ef] GET /js/area-user/utils.js 200 7ms | host: localhost:3000 | origin: http://localhost:3000/area-user.html | ua: Mozilla/5.0 (X11; Linux x86_64) AppleWebKit/537.36 (KHTML, like Gecko) HeadlessChrome/143.0.7499.4 Safari/537.36 | x-f-host: - | x-f-proto: -
[REQ][cf9b49b8-c4d1-4588-a47b-1e267fd764cc] GET /js/area-user/age-utils.js 200 7ms | host: localhost:3000 | origin: http://localhost:3000/area-user.html | ua: Mozilla/5.0 (X11; Linux x86_64) AppleWebKit/537.36 (KHTML, like Gecko) HeadlessChrome/143.0.7499.4 Safari/537.36 | x-f-host: - | x-f-proto: -
[REQ][a152e477-26af-4cef-832b-0518cf3f30db] GET /js/area-user/parentesco-utils.js 200 7ms | host: localhost:3000 | origin: http://localhost:3000/area-user.html | ua: Mozilla/5.0 (X11; Linux x86_64) AppleWebKit/537.36 (KHTML, like Gecko) HeadlessChrome/143.0.7499.4 Safari/537.36 | x-f-host: - | x-f-proto: -
[REQ][d5e623d7-3b2a-4979-8c77-eccb16edf6f5] GET /js/area-user/navegacao.js 200 7ms | host: localhost:3000 | origin: http://localhost:3000/area-user.html | ua: Mozilla/5.0 (X11; Linux x86_64) AppleWebKit/537.36 (KHTML, like Gecko) HeadlessChrome/143.0.7499.4 Safari/537.36 | x-f-host: - | x-f-proto: -
[REQ][c1d09e04-98ed-4024-89af-68d86e46649f] GET /shared/canon.js 200 12ms | host: localhost:3000 | origin: http://localhost:3000/area-user.html | ua: Mozilla/5.0 (X11; Linux x86_64) AppleWebKit/537.36 (KHTML, like Gecko) HeadlessChrome/143.0.7499.4 Safari/537.36 | x-f-host: - | x-f-proto: -
[REQ][6c6171d9-4eba-42cc-b74a-0c6b9b91094a] GET /js/area-user/seguranca.js 200 4ms | host: localhost:3000 | origin: http://localhost:3000/area-user.html | ua: Mozilla/5.0 (X11; Linux x86_64) AppleWebKit/537.36 (KHTML, like Gecko) HeadlessChrome/143.0.7499.4 Safari/537.36 | x-f-host: - | x-f-proto: -
[REQ][fc734803-8a45-4947-89d1-c384756d2e76] GET /js/area-user/meus-dados.js 200 3ms | host: localhost:3000 | origin: http://localhost:3000/area-user.html | ua: Mozilla/5.0 (X11; Linux x86_64) AppleWebKit/537.36 (KHTML, like Gecko) HeadlessChrome/143.0.7499.4 Safari/537.36 | x-f-host: - | x-f-proto: -
[REQ][371631ef-add4-4fb9-bf00-c0042aea0beb] GET /shared/repasse.constants.js 404 3ms | host: localhost:3000 | origin: http://localhost:3000/area-user.html | ua: Mozilla/5.0 (X11; Linux x86_64) AppleWebKit/537.36 (KHTML, like Gecko) HeadlessChrome/143.0.7499.4 Safari/537.36 | x-f-host: - | x-f-proto: -
[REQ][bcfbfd99-69c0-460f-9724-bccf92c6ba3c] GET /js/area-user/users-admin.js 200 4ms | host: localhost:3000 | origin: http://localhost:3000/area-user.html | ua: Mozilla/5.0 (X11; Linux x86_64) AppleWebKit/537.36 (KHTML, like Gecko) HeadlessChrome/143.0.7499.4 Safari/537.36 | x-f-host: - | x-f-proto: -
[REQ][727e1dd1-283f-4b2a-bc47-8466e57ad8dc] GET /js/area-user/ressarcimento.js 200 4ms | host: localhost:3000 | origin: http://localhost:3000/area-user.html | ua: Mozilla/5.0 (X11; Linux x86_64) AppleWebKit/537.36 (KHTML, like Gecko) HeadlessChrome/143.0.7499.4 Safari/537.36 | x-f-host: - | x-f-proto: -
[REQ][2771abbd-e9e2-4301-9b99-dbf0281fcd12] GET /js/area-user/jogos.js 200 5ms | host: localhost:3000 | origin: http://localhost:3000/area-user.html | ua: Mozilla/5.0 (X11; Linux x86_64) AppleWebKit/537.36 (KHTML, like Gecko) HeadlessChrome/143.0.7499.4 Safari/537.36 | x-f-host: - | x-f-proto: -
[REQ][3a90c767-d73f-4cfe-a9a2-0ac0dc665f36] GET /js/area-user/publicacoes.js 200 0ms | host: localhost:3000 | origin: http://localhost:3000/area-user.html | ua: Mozilla/5.0 (X11; Linux x86_64) AppleWebKit/537.36 (KHTML, like Gecko) HeadlessChrome/143.0.7499.4 Safari/537.36 | x-f-host: - | x-f-proto: -
[REQ][752974b9-6b1a-4dbe-b61b-1716af8a62eb] GET /js/area-user/notificacoes.js 200 2ms | host: localhost:3000 | origin: http://localhost:3000/area-user.html | ua: Mozilla/5.0 (X11; Linux x86_64) AppleWebKit/537.36 (KHTML, like Gecko) HeadlessChrome/143.0.7499.4 Safari/537.36 | x-f-host: - | x-f-proto: -
[REQ][47367434-2847-4c0b-9bea-a1ea228c6fb0] GET /js/area-user/assembleia-utils.js 200 3ms | host: localhost:3000 | origin: http://localhost:3000/area-user.html | ua: Mozilla/5.0 (X11; Linux x86_64) AppleWebKit/537.36 (KHTML, like Gecko) HeadlessChrome/143.0.7499.4 Safari/537.36 | x-f-host: - | x-f-proto: -
[REQ][87511398-c812-41a9-a9ee-4fbe65466e46] GET /js/area-user/cms-admin.js 200 3ms | host: localhost:3000 | origin: http://localhost:3000/area-user.html | ua: Mozilla/5.0 (X11; Linux x86_64) AppleWebKit/537.36 (KHTML, like Gecko) HeadlessChrome/143.0.7499.4 Safari/537.36 | x-f-host: - | x-f-proto: -
[REQ][8a1b7596-f9d4-4c88-b56e-c2c0acc7e1fc] GET /js/area-user/relatorios.js 200 3ms | host: localhost:3000 | origin: http://localhost:3000/area-user.html | ua: Mozilla/5.0 (X11; Linux x86_64) AppleWebKit/537.36 (KHTML, like Gecko) HeadlessChrome/143.0.7499.4 Safari/537.36 | x-f-host: - | x-f-proto: -
[REQ][1218bfdf-ab9e-4b19-a957-3383c6097121] GET /js/area-user/noticias-admin.js 200 4ms | host: localhost:3000 | origin: http://localhost:3000/area-user.html | ua: Mozilla/5.0 (X11; Linux x86_64) AppleWebKit/537.36 (KHTML, like Gecko) HeadlessChrome/143.0.7499.4 Safari/537.36 | x-f-host: - | x-f-proto: -
[REQ][09446c0e-9f3c-4dc6-b1b5-26c68c1ed8b4] GET /js/area-user.js 200 3ms | host: localhost:3000 | origin: http://localhost:3000/area-user.html | ua: Mozilla/5.0 (X11; Linux x86_64) AppleWebKit/537.36 (KHTML, like Gecko) HeadlessChrome/143.0.7499.4 Safari/537.36 | x-f-host: - | x-f-proto: -
[REQ][340caf5f-982d-4283-990b-849ea2d764ce] GET /js/area-user/assembleias.js 200 5ms | host: localhost:3000 | origin: http://localhost:3000/area-user.html | ua: Mozilla/5.0 (X11; Linux x86_64) AppleWebKit/537.36 (KHTML, like Gecko) HeadlessChrome/143.0.7499.4 Safari/537.36 | x-f-host: - | x-f-proto: -
[REQ][66923e5c-b355-4904-805d-82cdcba449a2] GET /js/main.js 200 2ms | host: localhost:3000 | origin: http://localhost:3000/area-user.html | ua: Mozilla/5.0 (X11; Linux x86_64) AppleWebKit/537.36 (KHTML, like Gecko) HeadlessChrome/143.0.7499.4 Safari/537.36 | x-f-host: - | x-f-proto: -
[REQ][cac87ae6-b50b-4d63-90a9-092c8bca1b90] GET /img/placeholder-fenaprf.png 200 1ms | host: localhost:3000 | origin: http://localhost:3000/area-user.html | ua: Mozilla/5.0 (X11; Linux x86_64) AppleWebKit/537.36 (KHTML, like Gecko) HeadlessChrome/143.0.7499.4 Safari/537.36 | x-f-host: - | x-f-proto: -
[REQ][3340da1c-6273-4094-b94a-9b45316ff45d] GET /login.html 200 1ms | host: localhost:3000 | origin: http://localhost:3000/area-user.html | ua: Mozilla/5.0 (X11; Linux x86_64) AppleWebKit/537.36 (KHTML, like Gecko) HeadlessChrome/143.0.7499.4 Safari/537.36 | x-f-host: - | x-f-proto: -
[REQ][d9d5646e-06b2-4317-8b13-1ce87db2dd0f] GET /css/style.css 304 2ms | host: localhost:3000 | origin: http://localhost:3000/login.html | ua: Mozilla/5.0 (X11; Linux x86_64) AppleWebKit/537.36 (KHTML, like Gecko) HeadlessChrome/143.0.7499.4 Safari/537.36 | x-f-host: - | x-f-proto: -
[REQ][978c9133-6f08-4a77-a111-0e78b93bf244] GET /js/main.js 304 2ms | host: localhost:3000 | origin: http://localhost:3000/login.html | ua: Mozilla/5.0 (X11; Linux x86_64) AppleWebKit/537.36 (KHTML, like Gecko) HeadlessChrome/143.0.7499.4 Safari/537.36 | x-f-host: - | x-f-proto: -
[REQ][ed712c81-159b-4fd1-a076-2534bd35bf34] GET /js/login.js 200 2ms | host: localhost:3000 | origin: http://localhost:3000/login.html | ua: Mozilla/5.0 (X11; Linux x86_64) AppleWebKit/537.36 (KHTML, like Gecko) HeadlessChrome/143.0.7499.4 Safari/537.36 | x-f-host: - | x-f-proto: -
[REQ][d0d6d58e-edce-425e-b433-579cb05bf1a1] GET /img/placeholder-fenaprf.png 304 1ms | host: localhost:3000 | origin: http://localhost:3000/login.html | ua: Mozilla/5.0 (X11; Linux x86_64) AppleWebKit/537.36 (KHTML, like Gecko) HeadlessChrome/143.0.7499.4 Safari/537.36 | x-f-host: - | x-f-proto: -
Terminated
